scripts/cif_ddlm_dic_check: tests/cases/cif_ddlm_dic_check_007.inp data_FAKE_CONTRADICTORY_RANGES_DIC save_range_compatability_test.out_of_range_index: WARNING, the declared enumeration range [-1, 1] violates the range imposed by the 'index' data type [1, +inf).
scripts/cif_ddlm_dic_check: tests/cases/cif_ddlm_dic_check_007.inp data_FAKE_CONTRADICTORY_RANGES_DIC save_range_compatibility_test.real_instead_of_int: WARNING, the enumeration range contains a limit expressed as a floating-point real number while the defining data item is only permitted to have integer values -- the '_enumeration.range' attribute value '-1.3:1.7' might be more accurately expressed as '-1:1'.
scripts/cif_ddlm_dic_check: tests/cases/cif_ddlm_dic_check_007.inp data_FAKE_CONTRADICTORY_RANGES_DIC save_range_compatibility_test.real_instead_of_int_no_low: WARNING, the enumeration range contains a limit expressed as a floating-point real number while the defining data item is only permitted to have integer values -- the '_enumeration.range' attribute value ':5.' might be more accurately expressed as ':5'.
scripts/cif_ddlm_dic_check: tests/cases/cif_ddlm_dic_check_007.inp data_FAKE_CONTRADICTORY_RANGES_DIC save_range_compatability_test.out_of_range_count: WARNING, the declared enumeration range [-1, 1] violates the range imposed by the 'count' data type [0, +inf).
scripts/cif_ddlm_dic_check: tests/cases/cif_ddlm_dic_check_007.inp data_FAKE_CONTRADICTORY_RANGES_DIC save_range_compatability_test.redundant_range_index: WARNING, the lower enumeration range limit '1' is needlessly specified since the same lower limit is imposed by the 'index' data type.
