scripts/cif_validate: tests/inputs/cif_validate/dic/ddl2/external/mmcif_std.dic: WARNING, validation against DDL2 dictionaries is deprecated and will no longer be supported in the next major version release.
scripts/cif_validate: tests/inputs/cif_validate/dic/ddl2/external/mmcif_pdbx_v40.dic: WARNING, validation against DDL2 dictionaries is deprecated and will no longer be supported in the next major version release.
scripts/cif_validate: tests/cases/cif_validate_026.inp data_4PR4: NOTE, data item '_atom_site.Cartn_y' value '12.313kva' is of type 'UQSTRING' while it should be numeric, i.e. 'FLOAT' or 'INT'.
scripts/cif_validate: tests/cases/cif_validate_026.inp data_4PR4: NOTE, data item '_atom_site.Cartn_y' value '12.313kva' is of type 'UQSTRING' while it should be numeric, i.e. 'FLOAT' or 'INT'.
