scripts/cif_cod_check: tests/cases/cif_cod_check_101.inp data_2238212: NOTE, data item '_shelx_res_checksum' is present, but '_shelx_res_file' data item is missing.
scripts/cif_cod_check: tests/cases/cif_cod_check_101.inp: NOTE, 1 NOTE(s) encountered.
