scripts/cif_ddl1_dic_check: tests/cases/cif_ddl1_dic_check_002.inp: more than one dictionary metadata data block located -- 2 data blocks are assigned the 'on_this_dictionary' block code.
