data_1010600_molecule_0
loop_
_publ_author_name
'Hendricks, S B'
'Merwin, H E'
_publ_section_title
;
The Atomic Arrangement in Crystals of the Alkali Platini-Thiocyanates
;
_journal_name_full
;
American Journal of Science, Serie 5(1,1921-1938)
;
_journal_page_first              487
_journal_page_last               494
_journal_volume                  15
_journal_year                    1928
_[local]_cod_src_chemical_formula_structural 'Rb2 Pt (S C N)6'
_[local]_cod_src_chemical_formula_sum 'C6 N6 Pt Rb2 S6'
_cell_angle_alpha                90
_cell_angle_beta                 90
_cell_angle_gamma                120
_cell_length_a                   6.75
_cell_length_b                   6.75
_cell_length_c                   10.47
_audit_creation_method
'Id: <script_name> <revision_nr> <date> <time> <author>'
_chemical_formula_sum            'Pt S6'
_cod_data_source_file            cif_molecule_500.inp
_cod_data_source_block           1010600
_cell_formula_units_Z            1
_space_group_name_H-M_alt        'P 1'
_cod_molecule_is_polymer         no
loop_
_atom_type_symbol
_atom_type_oxidation_number
Pt4+ 4.000
Rb1+ 1.000
S2- -2.000
C4+ 4.000
N3- -3.000
loop_
_symmetry_equiv_pos_as_xyz
'x, y, z'
loop_
_atom_site_label
_atom_site_type_symbol
_atom_site_fract_x
_atom_site_fract_y
_atom_site_fract_z
_atom_site_occupancy
_atom_site_calc_flag
Pt1 Pt4+ 0.000000 0.000000 0.000000 1. d
S1_1_545 S2- 0.130000 -0.130000 0.110000 1. d
S1_2_555 S2- 0.130000 0.260000 0.110000 1. d
S1_3_445 S2- -0.260000 -0.130000 0.110000 1. d
S1_7_454 S2- -0.130000 0.130000 -0.110000 1. d
S1_8_444 S2- -0.130000 -0.260000 -0.110000 1. d
S1_9_554 S2- 0.260000 0.130000 -0.110000 1. d
loop_
_cod_molecule_atom_label
_cod_molecule_atom_orig_label
_cod_molecule_atom_symmetry
_cod_molecule_atom_symop_id
_cod_molecule_atom_symop_xyz
_cod_molecule_atom_transl_id
_cod_molecule_atom_transl_x
_cod_molecule_atom_transl_y
_cod_molecule_atom_transl_z
_cod_molecule_atom_mult
_cod_molecule_atom_mult_ratio
Pt1 Pt1 1_555 1 x,y,z 555 0 0 0 1 12
S1_1_545 S1 1_545 1 x,y,z 545 0 -1 0 6 2
S1_2_555 S1 2_555 2 -y,x-y,z 555 0 0 0 6 2
S1_3_445 S1 3_445 3 -x+y,-x,z 445 -1 -1 0 6 2
S1_7_454 S1 7_454 7 -x,-y,-z 454 -1 0 -1 6 2
S1_8_444 S1 8_444 8 y,-x+y,-z 444 -1 -1 -1 6 2
S1_9_554 S1 9_554 9 x-y,x,-z 554 0 0 -1 6 2
loop_
_cod_molecule_transform_label
_cod_molecule_transform_symop
Pt1 -y,x-y,z
Pt1 -x+y,-x,z
Pt1 -y,-x,z
Pt1 x,x-y,z
Pt1 -x+y,y,z
Pt1 -x,-y,-z
Pt1 y,-x+y,-z
Pt1 x-y,x,-z
Pt1 y,x,-z
Pt1 -x,-x+y,-z
Pt1 x-y,-y,-z
S1_1_545 -y,-x,z
S1_2_555 -x+y,y,z
S1_3_445 x,x-y,z
S1_7_454 -y,-x,z
S1_8_444 -x+y,y,z
S1_9_554 x,x-y,z
data_1010600_molecule_1
loop_
_publ_author_name
'Hendricks, S B'
'Merwin, H E'
_publ_section_title
;
The Atomic Arrangement in Crystals of the Alkali Platini-Thiocyanates
;
_journal_name_full
;
American Journal of Science, Serie 5(1,1921-1938)
;
_journal_page_first              487
_journal_page_last               494
_journal_volume                  15
_journal_year                    1928
_[local]_cod_src_chemical_formula_structural 'Rb2 Pt (S C N)6'
_[local]_cod_src_chemical_formula_sum 'C6 N6 Pt Rb2 S6'
_cell_angle_alpha                90
_cell_angle_beta                 90
_cell_angle_gamma                120
_cell_length_a                   6.75
_cell_length_b                   6.75
_cell_length_c                   10.47
_audit_creation_method
'Id: <script_name> <revision_nr> <date> <time> <author>'
_chemical_formula_sum            Rb
_cod_data_source_file            cif_molecule_500.inp
_cod_data_source_block           1010600
_cell_formula_units_Z            1
_space_group_name_H-M_alt        'P 1'
_cod_molecule_is_polymer         no
loop_
_atom_type_symbol
_atom_type_oxidation_number
Pt4+ 4.000
Rb1+ 1.000
S2- -2.000
C4+ 4.000
N3- -3.000
loop_
_symmetry_equiv_pos_as_xyz
'x, y, z'
loop_
_atom_site_label
_atom_site_type_symbol
_atom_site_fract_x
_atom_site_fract_y
_atom_site_fract_z
_atom_site_occupancy
_atom_site_calc_flag
Rb1 Rb1+ 0.333300 0.666700 0.500000 1. d
loop_
_cod_molecule_atom_label
_cod_molecule_atom_orig_label
_cod_molecule_atom_symmetry
_cod_molecule_atom_symop_id
_cod_molecule_atom_symop_xyz
_cod_molecule_atom_transl_id
_cod_molecule_atom_transl_x
_cod_molecule_atom_transl_y
_cod_molecule_atom_transl_z
_cod_molecule_atom_mult
_cod_molecule_atom_mult_ratio
Rb1 Rb1 1_555 1 x,y,z 555 0 0 0 2 6
loop_
_cod_molecule_transform_label
_cod_molecule_transform_symop
Rb1 -y,x-y,z
Rb1 -x+y,-x,z
Rb1 -y,-x,z
Rb1 x,x-y,z
Rb1 -x+y,y,z
