scripts/cif_compare_dics:: WARNING, enumeration defaults of data item '_test_enum_defaults.mismatching_values' differ in the 'cif_compare_dics_ddl1_enum_defaults.dic' DDLm and 'cif_compare_dics_ddl1_enum_defaults.dic' DDL1 dictionaries ('color' vs. 'colour').
scripts/cif_compare_dics:: WARNING, enumeration defaults of data item '_test_enum_defaults.aliased_mismatching_values' differ in the 'cif_compare_dics_ddl1_enum_defaults.dic' DDLm and 'cif_compare_dics_ddl1_enum_defaults.dic' DDL1 dictionaries ('color' vs. 'colours').
scripts/cif_compare_dics:: WARNING, enumeration default 'ddlm' is defined for data item '_test_enum_defaults.ddlm_values_only' in the 'cif_compare_dics_ddl1_enum_defaults.dic' DDLm dictionary, but not in the 'cif_compare_dics_ddl1_enum_defaults.dic' DDL1 dictionary.
