scripts/cif_validate: tests/cases/cif_validate_036.inp data_[INVALID]_one_missing_mandatory_item: NOTE, missing mandatory looped list data item -- the '_simple_looped_category_mandatory_item_2' data item must be provided in the loop containing the ['_simple_looped_category_mandatory_item_1', '_simple_looped_category_mandatory_grouped_item_1', '_simple_looped_category_mandatory_grouped_item_2', '_simple_looped_category_mandatory_grouped_item_3', '_simple_looped_category_optional_item'] data items.
scripts/cif_validate: tests/cases/cif_validate_036.inp data_[INVALID]_several_missing_mandatory_items: NOTE, missing mandatory looped list data item -- the '_simple_looped_category_mandatory_item_1' data item must be provided in the loop containing the ['_simple_looped_category_mandatory_grouped_item_1', '_simple_looped_category_mandatory_grouped_item_2', '_simple_looped_category_mandatory_grouped_item_3', '_simple_looped_category_optional_item'] data items.
scripts/cif_validate: tests/cases/cif_validate_036.inp data_[INVALID]_several_missing_mandatory_items: NOTE, missing mandatory looped list data item -- the '_simple_looped_category_mandatory_item_2' data item must be provided in the loop containing the ['_simple_looped_category_mandatory_grouped_item_1', '_simple_looped_category_mandatory_grouped_item_2', '_simple_looped_category_mandatory_grouped_item_3', '_simple_looped_category_optional_item'] data items.
scripts/cif_validate: tests/cases/cif_validate_036.inp data_[INVALID]_missing_grouped_mandatory_items: NOTE, missing mandatory looped list data item -- the '_simple_looped_category_mandatory_grouped_item_2' data item must be provided in the loop containing the ['_simple_looped_category_mandatory_item_1', '_simple_looped_category_mandatory_item_2', '_simple_looped_category_mandatory_grouped_item_1', '_simple_looped_category_optional_item'] data items.
scripts/cif_validate: tests/cases/cif_validate_036.inp data_[INVALID]_missing_grouped_mandatory_items: NOTE, missing mandatory looped list data item -- the '_simple_looped_category_mandatory_grouped_item_3' data item must be provided in the loop containing the ['_simple_looped_category_mandatory_item_1', '_simple_looped_category_mandatory_item_2', '_simple_looped_category_mandatory_grouped_item_1', '_simple_looped_category_optional_item'] data items.
