scripts/cif_ddl1_dic_check: tests/cases/cif_ddl1_dic_check_028.inp test_related_item_improper_ref: definition of a related data item '_unrecognised_data_name' could not be located.
scripts/cif_ddl1_dic_check: tests/cases/cif_ddl1_dic_check_028.inp test_related_item_self_ref: data item references itself as a related data item.
