scripts/cif_compare_dics:: WARNING, enumeration defaults of data item '_test_enum_defaults.mismatching_values' differ in the 'cif_compare_dics_ddl1_enum_defaults.dic' DDL1 and 'cif_compare_dics_ddl1_enum_defaults.dic' DDLm dictionaries ('colour' vs. 'color').
scripts/cif_compare_dics:: WARNING, enumeration defaults of data item '_test_enum_defaults.aliased_mismatching_values' differ in the 'cif_compare_dics_ddl1_enum_defaults.dic' DDL1 and 'cif_compare_dics_ddl1_enum_defaults.dic' DDLm dictionaries ('colours' vs. 'color').
scripts/cif_compare_dics:: WARNING, enumeration default 'ddl1' is defined for data item '_test_enum_defaults.ddl1_values_only' in the 'cif_compare_dics_ddl1_enum_defaults.dic' DDL1 dictionary, but not in the 'cif_compare_dics_ddl1_enum_defaults.dic' DDLm dictionary.
