scripts/cif_cod_check: tests/cases/cif_cod_check_016.inp data_global: WARNING, recommended data item '_chemical_formula_sum' was not found.
scripts/cif_cod_check: tests/cases/cif_cod_check_016.inp data_global: NOTE, data item '_journal_year' was not found -- will not check the existence of temperature factors.
scripts/cif_cod_check: tests/cases/cif_cod_check_016.inp data_C5H17AlN2O8P2: NOTE, data item '_journal_year' was not found -- will not check the existence of temperature factors.
scripts/cif_cod_check: tests/cases/cif_cod_check_016.inp: NOTE, 2 NOTE(s) encountered.
scripts/cif_cod_check: tests/cases/cif_cod_check_016.inp: NOTE, 1 WARNING(s) encountered.
