scripts/cif_ddlm_dic_check: tests/cases/cif_ddlm_dic_check_041.inp data_TEST_INCOMPATIBLE_LINKED_ITEMS_DIC save_incompatible_linked_items.linked_diff_item: WARNING, incompatible definition of the linked data item -- attribute '_type.contents' values of the given data item and the linked data item '_incompatible_linked_items.main_base_item' do not match ('Real' vs. 'Integer').
scripts/cif_ddlm_dic_check: tests/cases/cif_ddlm_dic_check_041.inp data_TEST_INCOMPATIBLE_LINKED_ITEMS_DIC save_incompatible_linked_items.linked_diff_item: WARNING, incompatible definition of the linked data item -- attribute '_type.container' values of the given data item and the linked data item '_incompatible_linked_items.main_base_item' do not match ('Matrix' vs. 'List').
scripts/cif_ddlm_dic_check: tests/cases/cif_ddlm_dic_check_041.inp data_TEST_INCOMPATIBLE_LINKED_ITEMS_DIC save_incompatible_linked_items.linked_diff_item: WARNING, incompatible definition of the linked data item -- attribute '_enumeration.range' values of the given data item and the linked data item '_incompatible_linked_items.main_base_item' do not match ('-10.0:' vs. '10:').
scripts/cif_ddlm_dic_check: tests/cases/cif_ddlm_dic_check_041.inp data_TEST_INCOMPATIBLE_LINKED_ITEMS_DIC save_incompatible_linked_items.linked_diff_item: WARNING, incompatible definition of the linked data item -- attribute '_units.code' values of the given data item and the linked data item '_incompatible_linked_items.main_base_item' do not match ('meter' vs. 'none').
scripts/cif_ddlm_dic_check: tests/cases/cif_ddlm_dic_check_041.inp data_TEST_INCOMPATIBLE_LINKED_ITEMS_DIC save_incompatible_linked_items.linked_diff_item: WARNING, incompatible definition of the linked data item -- attribute '_type.dimension' values of the given data item and the linked data item '_incompatible_linked_items.main_base_item' do not match ('[4,5]' vs. '[]').
scripts/cif_ddlm_dic_check: tests/cases/cif_ddlm_dic_check_041.inp data_TEST_INCOMPATIBLE_LINKED_ITEMS_DIC save_incompatible_linked_items.linked_item_no_range: WARNING, incompatible definition of the linked data item -- definition of the '_incompatible_linked_items.main_item_with_range' data item contains an extra '_enumeration.range' attribute.
scripts/cif_ddlm_dic_check: tests/cases/cif_ddlm_dic_check_041.inp data_TEST_INCOMPATIBLE_LINKED_ITEMS_DIC save_incompatible_linked_items.linked_item_with_range: WARNING, incompatible definition of the linked data item -- definition of the '_incompatible_linked_items.main_item_no_range' data item does not contain the '_enumeration.range' attribute.
