scripts/cif_ddl1_dic_check: tests/cases/cif_ddl1_dic_check_029.inp test_simultaneous_presence_no_enumeration: data item '_enumeration' should be accompanied by the '_enumeration_detail' data item.
scripts/cif_ddl1_dic_check: tests/cases/cif_ddl1_dic_check_029.inp test_simultaneous_presence_no_example: data item '_example' should be accompanied by the '_example_detail' data item.
scripts/cif_ddl1_dic_check: tests/cases/cif_ddl1_dic_check_029.inp test_simultaneous_presence_no_related_item: data item '_related_item' should be accompanied by the '_related_function' data item.
scripts/cif_ddl1_dic_check: tests/cases/cif_ddl1_dic_check_029.inp test_simultaneous_presence_no_related_function: data item '_related_item' should be accompanied by the '_related_function' data item.
scripts/cif_ddl1_dic_check: tests/cases/cif_ddl1_dic_check_029.inp test_simultaneous_presence_no_units: data item '_units' should be accompanied by the '_units_detail' data item.
