scripts/cif_ddl1_dic_check: tests/cases/cif_ddl1_dic_check_008.inp test_unrecognised_category_item: definition of the parent category 'test_unrecognised_category' could not be located.
scripts/cif_ddl1_dic_check: tests/cases/cif_ddl1_dic_check_008.inp test_external_category_item: definition of the parent category 'test_external_category' could not be located.
