scripts/cif_compare_dics: tests/inputs/cif_compare_dics_ddl1_faulty.dic: WARNING, the 'test_faulty.no_id' data block does not contain the '_name' data item -- data block will be ignored.
scripts/cif_compare_dics: tests/inputs/cif_compare_dics_ddl1_faulty.dic: WARNING, the 'test_faulty.no_type' data block does not contain the '_type' data item -- data block will be ignored.
scripts/cif_compare_dics: tests/inputs/cif_compare_dics_ddlm_faulty.dic: WARNING, the 'test_faulty.no_id' save block does not contain the '_definition.id' data item -- save block will be ignored.
