scripts/cif_ddlm_dic_check: tests/cases/cif_ddlm_dic_check_010.inp data_FAKE_DESCRIPTION_DIC save_description_category.incorrect_text_refrences: WARNING, the save frame description seems to be referencing the 'descriptions_category' category which is not defined in the dictionary.
scripts/cif_ddlm_dic_check: tests/cases/cif_ddlm_dic_check_010.inp data_FAKE_DESCRIPTION_DIC save_description_category.incorrect_text_refrences: WARNING, the save frame description seems to be referencing the '_description.placeholders' data item which is not defined in the dictionary.
