scripts/cif_cod_check: tests/cases/cif_cod_check_500.inp data_2020314: NOTE, computed checksum for SHELX data item '_shelx_res_file' does not match the provided value (97148 != 99880).
scripts/cif_cod_check: tests/cases/cif_cod_check_500.inp: NOTE, 1 NOTE(s) encountered.
