data_bibliography
loop_
_publ_author_name
'Santos, Camila O'
'Passos, Saulo T A'
'Sorto, Jenny E P'
'Machado, Daniel F S'
'Correa, Jose R'
'da Silva J&#xfa;nior, Eufr&#xe2;nio N'
'Rodrigues, Marcelo O'
'Neto, Brenno A D'
_publ_section_title
'Sensitive hydrazine detection and quantification with a fluorescent benzothiadiazole sensor: selective lipid droplets and <i>in vivo</i> imaging.'
_journal_name_full               'Organic &amp; biomolecular chemistry'
_journal_paper_doi               10.1039/d3ob00007a
_journal_year                    2023
