scripts/ddlm_validate: tests/cases/ddlm_validate_051.inp data_integer_by_reference_faulty: WARNING, incorrect definition in the DDLm dictionary -- the '_faulty_set_category.byreference_item_no_ref' data item has the 'byReference' content type, but the '_type.contents_referenced_id' data item is missing in the definition save frame.
