scripts/ddlm_validate: tests/cases/ddlm_validate_077.inp data_1100688: NOTE, data item '_diffrn_ambient_temperature' value '293(2)' is not permitted to contain the appended standard uncertainty value '(2)'.
scripts/ddlm_validate: tests/cases/ddlm_validate_077.inp data_1100688: NOTE, data item '_symmetry_cell_setting' value 'Orthorhombic' must be one of the enumeration values [triclinic, monoclinic, orthorhombic, tetragonal, rhombohedral, trigonal, hexagonal, cubic].
scripts/ddlm_validate: tests/cases/ddlm_validate_077.inp data_1100688: NOTE, definition of the '_cod_database_code' data item was not found in the provided dictionaries.
scripts/ddlm_validate: tests/cases/ddlm_validate_077.inp data_1100688: NOTE, missing category key data item -- the '_diffrn_radiation_wavelength.id' data item must be provided in the loop containing the ['_diffrn_radiation_wavelength'] data items.
scripts/ddlm_validate: tests/cases/ddlm_validate_077.inp data_1100688: NOTE, missing category key data item -- the '_geom_angle.site_symmetry_2' data item must be provided in the loop containing the ['_geom_angle', '_geom_angle_atom_site_label_1', '_geom_angle_atom_site_label_2', '_geom_angle_atom_site_label_3', '_geom_angle_publ_flag', '_geom_angle_site_symmetry_1', '_geom_angle_site_symmetry_3'] data items.
scripts/ddlm_validate: tests/cases/ddlm_validate_077.inp data_1100688: NOTE, missing category key data item -- the '_geom_bond.site_symmetry_1' data item must be provided in the loop containing the ['_geom_bond_atom_site_label_1', '_geom_bond_atom_site_label_2', '_geom_bond_distance', '_geom_bond_publ_flag', '_geom_bond_site_symmetry_2'] data items.
