scripts/ddlm_validate: tests/cases/ddlm_validate_032.inp data_linked: WARNING, the '_linked_category.index_item' data item contains value '4' that was not found among the values of the linked '_main_category.index_item' data item.
scripts/ddlm_validate: tests/cases/ddlm_validate_032.inp data_linked: WARNING, the '_linked_category.index_item' data item contains value '5' that was not found among the values of the linked '_main_category.index_item' data item.
