scripts/ddlm_validate: tests/cases/ddlm_validate_044.inp data_looped_keys: WARNING, data item _looped_code_category.key acts as a loop key, but the associated data values are not unique -- value 'a' appears 2 times as ['a', 'A'].
scripts/ddlm_validate: tests/cases/ddlm_validate_044.inp data_looped_keys: WARNING, data item _looped_code_category.key acts as a loop key, but the associated data values are not unique -- value 'aA' appears 2 times as ['aA', 'Aa'].
scripts/ddlm_validate: tests/cases/ddlm_validate_044.inp data_looped_keys: WARNING, data item _looped_index_category.key acts as a loop key, but the associated data values are not unique -- value '1' appears 2 times as ['1', '1'].
scripts/ddlm_validate: tests/cases/ddlm_validate_044.inp data_looped_keys: WARNING, data item _looped_index_category.key acts as a loop key, but the associated data values are not unique -- value '2' appears 2 times as ['2', '2'].
scripts/ddlm_validate: tests/cases/ddlm_validate_044.inp data_looped_keys: WARNING, data item _looped_name_category.key acts as a loop key, but the associated data values are not unique -- value 'a' appears 2 times as ['a', 'A'].
scripts/ddlm_validate: tests/cases/ddlm_validate_044.inp data_looped_keys: WARNING, data item _looped_name_category.key acts as a loop key, but the associated data values are not unique -- value 'aA' appears 2 times as ['aA', 'Aa'].
scripts/ddlm_validate: tests/cases/ddlm_validate_044.inp data_looped_keys: WARNING, data item _looped_real_category.key acts as a loop key, but the associated data values are not unique -- value '2' appears 3 times as ['2', '2.0', '2.00'].
scripts/ddlm_validate: tests/cases/ddlm_validate_044.inp data_looped_keys: WARNING, data item _looped_text_category.key acts as a loop key, but the associated data values are not unique -- value 'a' appears 2 times as ['a', 'a'].
