scripts/ddlm_validate: tests/cases/ddlm_validate_035.inp data_linked_001: WARNING, data item '_linked_category.index_item' value '.' violates content type constraints -- the value should be an unsigned non-zero integer.
scripts/ddlm_validate: tests/cases/ddlm_validate_035.inp data_linked_001: WARNING, data item '_linked_category.index_item' value '?' violates content type constraints -- the value should be an unsigned non-zero integer.
scripts/ddlm_validate: tests/cases/ddlm_validate_035.inp data_linked_001: WARNING, the '_linked_category.index_item' data item contains value '.' that was not found among the values of the linked '_main_category.index_item' data item.
scripts/ddlm_validate: tests/cases/ddlm_validate_035.inp data_linked_001: WARNING, the '_linked_category.index_item' data item contains value '?' that was not found among the values of the linked '_main_category.index_item' data item.
scripts/ddlm_validate: tests/cases/ddlm_validate_035.inp data_linked_002: WARNING, data item '_linked_category.index_item' value '.' violates content type constraints -- the value should be an unsigned non-zero integer.
scripts/ddlm_validate: tests/cases/ddlm_validate_035.inp data_linked_002: WARNING, data item '_linked_category.index_item' value '?' violates content type constraints -- the value should be an unsigned non-zero integer.
scripts/ddlm_validate: tests/cases/ddlm_validate_035.inp data_linked_002: WARNING, the '_linked_category.index_item' data item contains value '.' that was not found among the values of the linked '_main_category.index_item' data item.
scripts/ddlm_validate: tests/cases/ddlm_validate_035.inp data_linked_002: WARNING, the '_linked_category.index_item' data item contains value '?' that was not found among the values of the linked '_main_category.index_item' data item.
scripts/ddlm_validate: tests/cases/ddlm_validate_035.inp data_linked_003: WARNING, data item '_linked_category.index_item' value '.' violates content type constraints -- the value should be an unsigned non-zero integer.
scripts/ddlm_validate: tests/cases/ddlm_validate_035.inp data_linked_003: WARNING, data item '_linked_category.index_item' value '?&#10;data_linked_004&#10;loop_&#10;_main_category.index_item&#10;1&#10;2&#10;3&#10;loop_&#10;_linked_category.index_item' violates content type constraints -- the value should be an unsigned non-zero integer.
scripts/ddlm_validate: tests/cases/ddlm_validate_035.inp data_linked_003: WARNING, data item '_linked_category.index_item' value '&#10;.' violates content type constraints -- the value should be an unsigned non-zero integer.
scripts/ddlm_validate: tests/cases/ddlm_validate_035.inp data_linked_003: WARNING, data item '_linked_category.index_item' value '&#10;?' violates content type constraints -- the value should be an unsigned non-zero integer.
scripts/ddlm_validate: tests/cases/ddlm_validate_035.inp data_linked_003: WARNING, the '_linked_category.index_item' data item contains value '&#10;.' that was not found among the values of the linked '_main_category.index_item' data item.
scripts/ddlm_validate: tests/cases/ddlm_validate_035.inp data_linked_003: WARNING, the '_linked_category.index_item' data item contains value '&#10;?' that was not found among the values of the linked '_main_category.index_item' data item.
scripts/ddlm_validate: tests/cases/ddlm_validate_035.inp data_linked_003: WARNING, the '_linked_category.index_item' data item contains value '.' that was not found among the values of the linked '_main_category.index_item' data item.
scripts/ddlm_validate: tests/cases/ddlm_validate_035.inp data_linked_003: WARNING, the '_linked_category.index_item' data item contains value '?&#10;data_linked_004&#10;loop_&#10;_main_category.index_item&#10;1&#10;2&#10;3&#10;loop_&#10;_linked_category.index_item' that was not found among the values of the linked '_main_category.index_item' data item.
scripts/ddlm_validate: tests/cases/ddlm_validate_035.inp data_linked_005: WARNING, data item '_linked_category.index_item' value '?' violates content type constraints -- the value should be an unsigned non-zero integer.
scripts/ddlm_validate: tests/cases/ddlm_validate_035.inp data_linked_005: WARNING, data item '_linked_category.index_item' value '.' violates content type constraints -- the value should be an unsigned non-zero integer.
scripts/ddlm_validate: tests/cases/ddlm_validate_035.inp data_linked_005: WARNING, the '_linked_category.index_item' data item contains value '.' that was not found among the values of the linked '_main_category.index_item' data item.
scripts/ddlm_validate: tests/cases/ddlm_validate_035.inp data_linked_005: WARNING, the '_linked_category.index_item' data item contains value '?' that was not found among the values of the linked '_main_category.index_item' data item.
scripts/ddlm_validate: tests/cases/ddlm_validate_035.inp data_linked_006: WARNING, data item '_linked_category.index_item' value '.' violates content type constraints -- the value should be an unsigned non-zero integer.
scripts/ddlm_validate: tests/cases/ddlm_validate_035.inp data_linked_006: WARNING, data item '_linked_category.index_item' value '?' violates content type constraints -- the value should be an unsigned non-zero integer.
scripts/ddlm_validate: tests/cases/ddlm_validate_035.inp data_linked_006: WARNING, the '_linked_category.index_item' data item contains value '.' that was not found among the values of the linked '_main_category.index_item' data item.
scripts/ddlm_validate: tests/cases/ddlm_validate_035.inp data_linked_006: WARNING, the '_linked_category.index_item' data item contains value '?' that was not found among the values of the linked '_main_category.index_item' data item.
