scripts/ddlm_validate: tests/cases/ddlm_validate_062.inp data_enumerator_as_set: NOTE, data item '_enum_category.code_item' value 'AbC' must be one of the enumeration values [A, b, Å, Σ, xσx, xς, ß].
