scripts/ddlm_validate: tests/cases/ddlm_validate_052.inp data_measurand_no_su_simple_values: WARNING, data item _measurand_looped_category.value_item value '5.4' violates content purpose constraints -- data values of the 'Measurand' type must have their standard uncertainties provided.
scripts/ddlm_validate: tests/cases/ddlm_validate_052.inp data_measurand_no_su_simple_values: WARNING, data item _measurand_looped_category.value_item value '2.3' violates content purpose constraints -- data values of the 'Measurand' type must have their standard uncertainties provided.
scripts/ddlm_validate: tests/cases/ddlm_validate_052.inp data_measurand_no_su_simple_values: WARNING, data item _measurand_looped_category.value_item value '0.5' violates content purpose constraints -- data values of the 'Measurand' type must have their standard uncertainties provided.
scripts/ddlm_validate: tests/cases/ddlm_validate_052.inp data_measurand_no_su_simple_values: WARNING, data item _measurand_looped_category.value_item value '.0' violates content purpose constraints -- data values of the 'Measurand' type must have their standard uncertainties provided.
scripts/ddlm_validate: tests/cases/ddlm_validate_052.inp data_measurand_no_su_simple_values: WARNING, data item _measurand_unlooped_category.value_item value '4' violates content purpose constraints -- data values of the 'Measurand' type must have their standard uncertainties provided.
scripts/ddlm_validate: tests/cases/ddlm_validate_052.inp data_measurand_no_su_mixed_values: WARNING, data item _measurand_looped_category.value_item value '5.4' violates content purpose constraints -- data values of the 'Measurand' type must have their standard uncertainties provided.
scripts/ddlm_validate: tests/cases/ddlm_validate_052.inp data_measurand_no_su_mixed_values: WARNING, data item _measurand_looped_category.value_item value '2.3' violates content purpose constraints -- data values of the 'Measurand' type must have their standard uncertainties provided.
scripts/ddlm_validate: tests/cases/ddlm_validate_052.inp data_measurand_no_su_mixed_values: WARNING, data item _measurand_looped_category.value_item value '0.5' violates content purpose constraints -- data values of the 'Measurand' type must have their standard uncertainties provided.
scripts/ddlm_validate: tests/cases/ddlm_validate_052.inp data_measurand_no_su_mixed_values: WARNING, data item _measurand_looped_category.value_item value '.0' violates content purpose constraints -- data values of the 'Measurand' type must have their standard uncertainties provided.
