scripts/ddlm_validate: tests/cases/ddlm_validate_010.inp data_code: WARNING, data item '_category.count_item' value '-1' violates content type constraints -- the value should be an unsigned integer.
scripts/ddlm_validate: tests/cases/ddlm_validate_010.inp data_code: WARNING, data item '_category.count_item' value '3.7' violates content type constraints -- the value should be an unsigned integer.
scripts/ddlm_validate: tests/cases/ddlm_validate_010.inp data_code: WARNING, data item '_category.count_item' value '&#10;2' violates content type constraints -- the value should be an unsigned integer.
scripts/ddlm_validate: tests/cases/ddlm_validate_010.inp data_code: WARNING, data item '_category.count_item' value '12(1)' violates content type constraints -- the value should be an unsigned integer.
scripts/ddlm_validate: tests/cases/ddlm_validate_010.inp data_code: WARNING, data item '_category.count_item' value 'Text' violates content type constraints -- the value should be an unsigned integer.
