scripts/ddlm_validate: tests/cases/ddlm_validate_047.inp data_FAKE_DIC: WARNING, data item '_type.contents' is mandatory in the 'Item' scope of the 'category.default_item' frame.
