scripts/ddlm_validate: tests/cases/ddlm_validate_016.inp data_code: WARNING, data item '_category.date_item' value '1999-May-4' violates content type constraints -- the value should conform to the ISO standard date format <yyyy>-<mm>-<dd>.
scripts/ddlm_validate: tests/cases/ddlm_validate_016.inp data_code: WARNING, data item '_enum_category.index_item' value '5.3' violates content type constraints -- the value should be an unsigned non-zero integer.
scripts/ddlm_validate: tests/cases/ddlm_validate_016.inp data_code: WARNING, data item '_enum_category.code_item' value "j" must be one of the enumeration values [A, b, Å, Σ, xσx, xς, ß].
