scripts/ddlm_validate: tests/cases/ddlm_validate_011.inp data_code: WARNING, data item '_category.real_item' value '++1.23E-12(3)' violates content type constraints -- the value should be a floating-point real number.
scripts/ddlm_validate: tests/cases/ddlm_validate_011.inp data_code: WARNING, data item '_category.real_item' value 'Text' violates content type constraints -- the value should be a floating-point real number.
