scripts/ddlm_validate: tests/cases/ddlm_validate_058.inp data_octal: WARNING, data item '_category.octal_item' value '0o' violates content type constraints -- the value should be an octal number expressed in notation that matches the '^[0][oO][0-7]+$' regular expression.
scripts/ddlm_validate: tests/cases/ddlm_validate_058.inp data_octal: WARNING, data item '_category.octal_item' value '0O' violates content type constraints -- the value should be an octal number expressed in notation that matches the '^[0][oO][0-7]+$' regular expression.
scripts/ddlm_validate: tests/cases/ddlm_validate_058.inp data_octal: WARNING, data item '_category.octal_item' value 'O052' violates content type constraints -- the value should be an octal number expressed in notation that matches the '^[0][oO][0-7]+$' regular expression.
scripts/ddlm_validate: tests/cases/ddlm_validate_058.inp data_octal: WARNING, data item '_category.octal_item' value '1o52' violates content type constraints -- the value should be an octal number expressed in notation that matches the '^[0][oO][0-7]+$' regular expression.
scripts/ddlm_validate: tests/cases/ddlm_validate_058.inp data_octal: WARNING, data item '_category.octal_item' value '-o52' violates content type constraints -- the value should be an octal number expressed in notation that matches the '^[0][oO][0-7]+$' regular expression.
scripts/ddlm_validate: tests/cases/ddlm_validate_058.inp data_octal: WARNING, data item '_category.octal_item' value '+o52' violates content type constraints -- the value should be an octal number expressed in notation that matches the '^[0][oO][0-7]+$' regular expression.
scripts/ddlm_validate: tests/cases/ddlm_validate_058.inp data_octal: WARNING, data item '_category.octal_item' value '0o-52' violates content type constraints -- the value should be an octal number expressed in notation that matches the '^[0][oO][0-7]+$' regular expression.
scripts/ddlm_validate: tests/cases/ddlm_validate_058.inp data_octal: WARNING, data item '_category.octal_item' value '0o+52' violates content type constraints -- the value should be an octal number expressed in notation that matches the '^[0][oO][0-7]+$' regular expression.
scripts/ddlm_validate: tests/cases/ddlm_validate_058.inp data_octal: WARNING, data item '_category.octal_item' value 'Text' violates content type constraints -- the value should be an octal number expressed in notation that matches the '^[0][oO][0-7]+$' regular expression.
scripts/ddlm_validate: tests/cases/ddlm_validate_058.inp data_octal: WARNING, data item '_category.octal_item' value '' violates content type constraints -- the value should be an octal number expressed in notation that matches the '^[0][oO][0-7]+$' regular expression.
scripts/ddlm_validate: tests/cases/ddlm_validate_058.inp data_octal: WARNING, data item '_category.octal_item' value '&#10;0o52' violates content type constraints -- the value should be an octal number expressed in notation that matches the '^[0][oO][0-7]+$' regular expression.
