scripts/ddlm_validate: tests/cases/ddlm_validate_008.inp data_code: WARNING, data item '_category.version_item' value '1.2.3.4' violates content type contraints -- the value should be a version digit string of the form <major>.<version>.<update>.
scripts/ddlm_validate: tests/cases/ddlm_validate_008.inp data_code: WARNING, data item '_category.version_item' value '1.2.3a' violates content type contraints -- the value should be a version digit string of the form <major>.<version>.<update>.
scripts/ddlm_validate: tests/cases/ddlm_validate_008.inp data_code: WARNING, data item '_category.version_item' value 'Text' violates content type contraints -- the value should be a version digit string of the form <major>.<version>.<update>.
