scripts/ddlm_validate: tests/cases/ddlm_validate_055.inp data_LINKED_DIC: WARNING, data item '_import.get' is prohibited in the 'Category' scope of the 'IMPORTING_CHILD_CATEGORY' frame.
