<authors separator=";">\<Z\'ak, Z.; Ru&#x030A;\<zi\<cka, A.</authors>
