$VAR1 = [
          {
            'cifversion' => {
                              'major' => 1,
                              'minor' => 1
                            },
            'inloop' => {},
            'loops' => [],
            'name' => 'IMPROPER_TEXT_PREFIXING',
            'precisions' => {},
            'save_blocks' => [],
            'tags' => [
                        '_test_001',
                        '_test_002',
                        '_test_003',
                        '_test_004',
                        '_test_005',
                        '_test_006',
                        '_test_007'
                      ],
            'types' => {
                         '_test_001' => [
                                          'TEXTFIELD'
                                        ],
                         '_test_002' => [
                                          'TEXTFIELD'
                                        ],
                         '_test_003' => [
                                          'TEXTFIELD'
                                        ],
                         '_test_004' => [
                                          'TEXTFIELD'
                                        ],
                         '_test_005' => [
                                          'TEXTFIELD'
                                        ],
                         '_test_006' => [
                                          'TEXTFIELD'
                                        ],
                         '_test_007' => [
                                          'TEXTFIELD'
                                        ]
                       },
            'values' => {
                          '_test_001' => [
                                           'CIF_001>\\
CIF_001>Line 1
Line 2
CIF_001>Line 3'
                                         ],
                          '_test_002' => [
                                           'CIF_002\\>\\
CIF_002\\>Line 1
CIF_002\\>Line 2
CIF_002\\>Line 3'
                                         ],
                          '_test_003' => [
                                           ';CIF_003>\\'
                                         ],
                          '_test_004' => [
                                           'CIF_004>\\
'
                                         ],
                          '_test_005' => [
                                           'CIF_005>\\
CIF_005>Line 1.

'
                                         ],
                          '_test_006' => [
                                           '
  \\

  Line 1.

  Line 2.'
                                         ],
                          '_test_007' => [
                                           'CIF_007>\\'
                                         ]
                        }
          }
        ];
