NOTE, data item '_data_name_1' value 'short-value'' ends with a "'" character -- possibly incorrectly formatted multi-line text field or quoted string
NOTE, data item '_data_name_2' value ';somewhat-longer-val...' starts with a semicolon (';') -- possibly incorrectly formatted multi-line text field
NOTE, data item '_data_name_3' value 'a-very-long-value-th...' ends with a ";" character -- possibly incorrectly formatted multi-line text field or quoted string
