scripts/cif_hkl_check: ./tmp-cif_hkl_check_002/test.cif data_test: ERROR, diffractogram data block 'data_test' does not contain a phase list (no _pd_phase_block_id).
scripts/cif_hkl_check: ./tmp-cif_hkl_check_002/test.cif data_test: ERROR, 1 ERROR(s) encountered -- die on ERROR(s) requested.
