$VAR1 = {
          'atoms' => [
                       {
                         'attached_hydrogens' => 0,
                         'index' => 0,
                         'name' => 'C1'
                       },
                       {
                         'attached_hydrogens' => 0,
                         'index' => 1,
                         'name' => 'C2'
                       },
                       {
                         'attached_hydrogens' => 0,
                         'index' => 2,
                         'name' => 'O'
                       },
                       {
                         'cell_label' => 'C1H0',
                         'chemical_type' => 'H',
                         'index' => 3,
                         'name' => 'C1H0',
                         'site_label' => 'C1H0',
                         'symop' => [
                                      [
                                        1,
                                        0,
                                        0,
                                        0
                                      ],
                                      [
                                        0,
                                        1,
                                        0,
                                        0
                                      ],
                                      [
                                        0,
                                        0,
                                        1,
                                        0
                                      ],
                                      [
                                        0,
                                        0,
                                        0,
                                        1
                                      ]
                                    ],
                         'symop_id' => 1,
                         'unity_matrix_applied' => 1
                       },
                       {
                         'cell_label' => 'C1H1',
                         'chemical_type' => 'H',
                         'index' => 4,
                         'name' => 'C1H1',
                         'site_label' => 'C1H1',
                         'symop' => [
                                      [
                                        1,
                                        0,
                                        0,
                                        0
                                      ],
                                      [
                                        0,
                                        1,
                                        0,
                                        0
                                      ],
                                      [
                                        0,
                                        0,
                                        1,
                                        0
                                      ],
                                      [
                                        0,
                                        0,
                                        0,
                                        1
                                      ]
                                    ],
                         'symop_id' => 1,
                         'unity_matrix_applied' => 1
                       },
                       {
                         'cell_label' => 'C1H2',
                         'chemical_type' => 'H',
                         'index' => 5,
                         'name' => 'C1H2',
                         'site_label' => 'C1H2',
                         'symop' => [
                                      [
                                        1,
                                        0,
                                        0,
                                        0
                                      ],
                                      [
                                        0,
                                        1,
                                        0,
                                        0
                                      ],
                                      [
                                        0,
                                        0,
                                        1,
                                        0
                                      ],
                                      [
                                        0,
                                        0,
                                        0,
                                        1
                                      ]
                                    ],
                         'symop_id' => 1,
                         'unity_matrix_applied' => 1
                       },
                       {
                         'cell_label' => 'C2H0',
                         'chemical_type' => 'H',
                         'index' => 6,
                         'name' => 'C2H0',
                         'site_label' => 'C2H0',
                         'symop' => [
                                      [
                                        1,
                                        0,
                                        0,
                                        0
                                      ],
                                      [
                                        0,
                                        1,
                                        0,
                                        0
                                      ],
                                      [
                                        0,
                                        0,
                                        1,
                                        0
                                      ],
                                      [
                                        0,
                                        0,
                                        0,
                                        1
                                      ]
                                    ],
                         'symop_id' => 1,
                         'unity_matrix_applied' => 1
                       }
                     ],
          'neighbours' => [
                            [
                              1,
                              3,
                              4,
                              5
                            ],
                            [
                              0,
                              2,
                              6
                            ],
                            [
                              1
                            ],
                            [
                              0
                            ],
                            [
                              0
                            ],
                            [
                              0
                            ],
                            [
                              1
                            ]
                          ]
        };
