1	0	0	-0.550528106172077	-5.56752216352051	-5.70559170894219	-0.409892320372097	-2.27532415430738	-1.84793623295854	7.99628354578091	-7.48205653395212	-1.41764885962658	-1.86633058698105	4.0290484618402	4.01325464351011	-1.41305688697054	1.08408353118996	-1.22634766969321	3.38657953721016	-0.166750046079481	-7.91061480527553
0	1	0	1.9712174236527	7.93831999691417	8.61128716198418	1.92164391907524	3.78913651438328	2.81871397900142	-10.2917155476129	10.8506542827026	2.63954107148317	2.79694504335423	-4.72922198022925	-4.58159123172692	2.01676432544298	-0.374068950200424	2.00742381155583	-4.05170170405768	0.495928434318577	11.6834293506834
0	0	1	0.413479253035009	0.878945631821484	0.694315720179521	-0.115309170430928	0.11939742829443	0.0746985936724474	0.310780148620097	0.634875906341208	0.957045344952939	0.085567281159182	0.208355637807996	0.560311156981632	0.722836943492751	0.665786256781476	0.606276950036687	0.0520452383965654	0.0166644548784237	0.222158943364188
