Data block '[NO]_empty' does not have not modelled solvent molecules.
Data block '[YES]_0_platon_squeeze_electrons' has not modelled solvent molecules.
Data block '[YES]_30_platon_squeeze_electrons' has not modelled solvent molecules.
Data block '[YES]_?_platon_squeeze_electrons' has not modelled solvent molecules.
