Not a SCALAR reference at <script_name> line <line_no>.
