_pre_data_name                   value_1
_test_data_name
;;value-that-starts-with-a-semicolon-and-has-no-spaces-(i.e.-an-InChi-string);
;
_post_data_name                  value_2
