[{'name': u'duomen\u0173_blokas', 'tags': [u'_b\u016bdvardis', u'_gyv\u016bnas', u'_kiekis', u'_kryptis'], 'cifversion': {'major': 2L, 'minor': 0L}, 'inloop': {'_kiekis': 0L, u'_gyv\u016bnas': 0L, u'_b\u016bdvardis': 0L}, 'values': {'_kiekis': ['1', '2', '3'], u'_gyv\u016bnas': [u'menk\u0117', u'\u0161liu\u017eas', u'varn\u0117nas'], u'_b\u016bdvardis': [u'Mil\u017eini\u0161ka', u'\u0160altas', u'V\u0117lyvas'], '_kryptis': [u'\u0160iaur\u0117']}, 'precisions': {'_kiekis': [None, None, None]}, 'loops': [[u'_b\u016bdvardis', u'_gyv\u016bnas', u'_kiekis']], 'save_blocks': [{'name': u'up\u0117s', 'tags': [u'_up\u0117'], 'inloop': {}, 'values': {u'_up\u0117': [u'\u0160e\u0161up\u0117']}, 'precisions': {}, 'loops': [], 'save_blocks': [], 'types': {u'_up\u0117': ['UQSTRING']}}, {'name': u'j\u016bros', 'tags': [u'_j\u016bra'], 'inloop': {}, 'values': {u'_j\u016bra': [u'Baltijos']}, 'precisions': {}, 'loops': [], 'save_blocks': [], 'types': {u'_j\u016bra': ['UQSTRING']}}, {'name': u'rieduliai', 'tags': [u'_riedulys'], 'inloop': {}, 'values': {'_riedulys': [u'Punktukas']}, 'precisions': {}, 'loops': [], 'save_blocks': [], 'types': {'_riedulys': ['UQSTRING']}}], 'types': {'_kiekis': ['INT', 'INT', 'INT'], u'_gyv\u016bnas': ['UQSTRING', 'UQSTRING', 'UQSTRING'], u'_b\u016bdvardis': ['UQSTRING', 'UQSTRING', 'UQSTRING'], '_kryptis': ['UQSTRING']}}]
