[{'name': 'CIF_2.0_PROPER_TEXT_PREFIXING', 'tags': ['_test_001', '_test_002', '_test_003', '_test_004', '_test_005'], 'values': {'_test_001': ['Line 1\nLine 2\nLine 3'], '_test_002': ['🧠🤝🧠\n🧠🤝🤖\n🤖🤝🤖'], '_test_003': ['🤖🧠\n🧠🤖'], '_test_004': [' 1\n 2\n 3'], '_test_005': ['aąbcaąbcaąbcaąbcaąbcaąbcaąbcaąbcaąbcaąbcaąbcaąbcaąbcaąbcaąbcaąbcaąbcaąbcaąbcaąbcaąbcaąbcaąbcaąbcaąbcaąbcaąbcaąbcaąbcaąbcaąbcaąbcaąbcaąbcaąbcaąbcaąbcaąbcaąbcaąbcaąbcaąbcaąbcaąbcaąbcaąbcaąbcaąbcaąbcaąbcaąbcaąbcaąbcaąbcaąbcaąbcaąbcaąbcaąbcaąbcaąbcaąbcaąbcaąbcaąbcaąbcaąbcaąbcaąbcaąbcaąbcaąbcaąbcaąbcaąbcaąbcaąbcaąbcaąbcaąbcaąbcaąbcaąbcaąbcaąbcaąbcaąbcaąbcaąbcaąbcaąbcaąbcaąbcaąbcaąbcaąbcaąbcaąbcaąbcaąbcaąbcaąbcaąbcaąbcaąbcaąbcaąbcaąbcaąbcaąbcaąbcaąbcaąbcaąbcaąbcaąbcaąbcaąbcaąbcaąbcaąbcaąbcaąbcaąbcaąbcaąbcaąbcaąbcaąbcaąbcaąbcaąbcaąbcaąbcaąbcaąbcaąbcaąbcaąbcaąbcaąbcaąbcaąbcaąbcaąbcaąbcaąbcaąbcaąbcaąbcaąbcaąbcaąbcaąbcaąbcaąbcaąbcaąbcaąbcaąbcaąbcaąbcaąbcaąbcaąbcaąbcaąbcaąbcaąbcaąbcaąbcaąbcaąbcaąbcaąbcaąbcaąbcaąbcaąbcaąbcaąbcaąbcaąbcaąbcaąbcaąbcaąbcaąbcaąbcaąbcaąbcaąbcaąbcaąbcaąbcaąbcaąbcaąbcaąbcaąbcaąbcaąbcaąbcaąbcaąbcaąbcaąbcaąbcaąbcaąbcaąbcaąbcaąbcaąbcaąbcaąbcaąbcaąbcaąbcaąbcaąbcaąbcaąbcaąbcaąbcaąbcaąbcaąbcaąbcaąbcaąbcaąbcaąbcaąbcaąbcaąbcaąbcaąbcaąbcaąbcaąbcaąbcaąbcaąbcaąbcaąbcaąbcaąbcaąbcaąbcaąbcaąbcaąbcaąbcaąbcaąbcaąbcaąbcaąbcaąbcaąbcaąbcaąbcaąbcaąbcaąbcaąbcaąbcaąbcaąbcaąbcaąbcaąbcaąbcaąbcaąbcaąbcaąbcaąbcaąbcaąbcaąbcaąbcaąbcaąbcaąbcaąbcaąbcaąbcaąbcaąbcaąbcaąbcaąbcaąbcaąbcaąbcaąbcaąbcaąbcaąbcaąbcaąbcaąbcaąbcaąbcaąbcaąbcaąbcaąbcaąbcaąbcaąbcaąbcaąbcaąbcaąbcaąbcaąbcaąbcaąbcaąbcaąbcaąbcaąbcaąbcaąbcaąbcaąbcaąbcaąbcaąbcaąbcaąbcaąbcaąbcaąbcaąbcaąbcaąbcaąbcaąbcaąbcaąbcaąbcaąbcaąbcaąbcaąbcaąbcaąbcaąbcaąbcaąbcaąbcaąbcaąbcaąbcaąbcaąbcaąbcaąbcaąbcaąbcaąbcaąbcaąbcaąbcaąbcaąbcaąbcaąbcaąbcaąbcaąbcaąbcaąbcaąbcaąbcaąbcaąbcaąbcaąbcaąbcaąbcaąbcaąbcaąbcaąbcaąbcaąbcaąbcaąbcaąbcaąbcaąbcaąbcaąbcaąbcaąbcaąbcaąbcaąbcaąbcaąbcaąbcaąbcaąbcaąbcaąbcaąbcaąbcaąbcaąbcaąbcaąbcaąbcaąbcaąbcaąbcaąbcaąbcaąbcaąbcaąbcaąbcaąbcaąbcaąbcaąbcaąbcaąbcaąbcaąbcaąbcaąbcaąbcaąbcaąbcaąbcaąbcaąbcaąbcaąbcaąbcaąbcaąbcaąbcaąbcaąbcaąbcaąbcaąbcaąbcaąbcaąbcaąbcaąbcaąbcaąbcaąbcaąbcaąbcaąbcaąbcaąbcaąbcaąbcaąbcaąbcaąbcaąbcaąbcaąbcaąbcaąbcaąbcaąbcaąbcaąbcaąbcaąbcaąbcaąbcaąbcaąbcaąbcaąbcaąbcaąbcaąbcaąbcaąbcaąbcaąbcaąbcaąbcaąbcaąbcaąbcaąbcaąbcaąbcaąbcaąbcaąbcaąbcaąbcaąbcaąbcaąbcaą1\naąbcaąbcaąbcaąbcaąbcaąbcaąbcaąbcaąbcaąbcaąbcaąbcaąbcaąbcaąbcaąbcaąbcaąbcaąbcaąbcaąbcaąbcaąbcaąbcaąbcaąbcaąbcaąbcaąbcaąbcaąbcaąbcaąbcaąbcaąbcaąbcaąbcaąbcaąbcaąbcaąbcaąbcaąbcaąbcaąbcaąbcaąbcaąbcaąbcaąbcaąbcaąbcaąbcaąbcaąbcaąbcaąbcaąbcaąbcaąbcaąbcaąbcaąbcaąbcaąbcaąbcaąbcaąbcaąbcaąbcaąbcaąbcaąbcaąbcaąbcaąbcaąbcaąbcaąbcaąbcaąbcaąbcaąbcaąbcaąbcaąbcaąbcaąbcaąbcaąbcaąbcaąbcaąbcaąbcaąbcaąbcaąbcaąbcaąbcaąbcaąbcaąbcaąbcaąbcaąbcaąbcaąbcaąbcaąbcaąbcaąbcaąbcaąbcaąbcaąbcaąbcaąbcaąbcaąbcaąbcaąbcaąbcaąbcaąbcaąbcaąbcaąbcaąbcaąbcaąbcaąbcaąbcaąbcaąbcaąbcaąbcaąbcaąbcaąbcaąbcaąbcaąbcaąbcaąbcaąbcaąbcaąbcaąbcaąbcaąbcaąbcaąbcaąbcaąbcaąbcaąbcaąbcaąbcaąbcaąbcaąbcaąbcaąbcaąbcaąbcaąbcaąbcaąbcaąbcaąbcaąbcaąbcaąbcaąbcaąbcaąbcaąbcaąbcaąbcaąbcaąbcaąbcaąbcaąbcaąbcaąbcaąbcaąbcaąbcaąbcaąbcaąbcaąbcaąbcaąbcaąbcaąbcaąbcaąbcaąbcaąbcaąbcaąbcaąbcaąbcaąbcaąbcaąbcaąbcaąbcaąbcaąbcaąbcaąbcaąbcaąbcaąbcaąbcaąbcaąbcaąbcaąbcaąbcaąbcaąbcaąbcaąbcaąbcaąbcaąbcaąbcaąbcaąbcaąbcaąbcaąbcaąbcaąbcaąbcaąbcaąbcaąbcaąbcaąbcaąbcaąbcaąbcaąbcaąbcaąbcaąbcaąbcaąbcaąbcaąbcaąbcaąbcaąbcaąbcaąbcaąbcaąbcaąbcaąbcaąbcaąbcaąbcaąbcaąbcaąbcaąbcaąbcaąbcaąbcaąbcaąbcaąbcaąbcaąbcaąbcaąbcaąbcaąbcaąbcaąbcaąbcaąbcaąbcaąbcaąbcaąbcaąbcaąbcaąbcaąbcaąbcaąbcaąbcaąbcaąbcaąbcaąbcaąbcaąbcaąbcaąbcaąbcaąbcaąbcaąbcaąbcaąbcaąbcaąbcaąbcaąbcaąbcaąbcaąbcaąbcaąbcaąbcaąbcaąbcaąbcaąbcaąbcaąbcaąbcaąbcaąbcaąbcaąbcaąbcaąbcaąbcaąbcaąbcaąbcaąbcaąbcaąbcaąbcaąbcaąbcaąbcaąbcaąbcaąbcaąbcaąbcaąbcaąbcaąbcaąbcaąbcaąbcaąbcaąbcaąbcaąbcaąbcaąbcaąbcaąbcaąbcaąbcaąbcaąbcaąbcaąbcaąbcaąbcaąbcaąbcaąbcaąbcaąbcaąbcaąbcaąbcaąbcaąbcaąbcaąbcaąbcaąbcaąbcaąbcaąbcaąbcaąbcaąbcaąbcaąbcaąbcaąbcaąbcaąbcaąbcaąbcaąbcaąbcaąbcaąbcaąbcaąbcaąbcaąbcaąbcaąbcaąbcaąbcaąbcaąbcaąbcaąbcaąbcaąbcaąbcaąbcaąbcaąbcaąbcaąbcaąbcaąbcaąbcaąbcaąbcaąbcaąbcaąbcaąbcaąbcaąbcaąbcaąbcaąbcaąbcaąbcaąbcaąbcaąbcaąbcaąbcaąbcaąbcaąbcaąbcaąbcaąbcaąbcaąbcaąbcaąbcaąbcaąbcaąbcaąbcaąbcaąbcaąbcaąbcaąbcaąbcaąbcaąbcaąbcaąbcaąbcaąbcaąbcaąbcaąbcaąbcaąbcaąbcaąbcaąbcaąbcaąbcaąbcaąbcaąbcaąbcaąbcaąbcaąbcaąbcaąbcaąbcaąbcaąbcaąbcaąbcaąbcaąbcaąbcaąbcaąbcaąbcaąbcaąbcaąbcaąbcaąbcaąbcaąbcaąbcaąbcaą2\naąbcaąbcaąbcaąbcaąbcaąbcaąbcaąbcaąbcaąbcaąbcaąbcaąbcaąbcaąbcaąbcaąbcaąbcaąbcaąbcaąbcaąbcaąbcaąbcaąbcaąbcaąbcaąbcaąbcaąbcaąbcaąbcaąbcaąbcaąbcaąbcaąbcaąbcaąbcaąbcaąbcaąbcaąbcaąbcaąbcaąbcaąbcaąbcaąbcaąbcaąbcaąbcaąbcaąbcaąbcaąbcaąbcaąbcaąbcaąbcaąbcaąbcaąbcaąbcaąbcaąbcaąbcaąbcaąbcaąbcaąbcaąbcaąbcaąbcaąbcaąbcaąbcaąbcaąbcaąbcaąbcaąbcaąbcaąbcaąbcaąbcaąbcaąbcaąbcaąbcaąbcaąbcaąbcaąbcaąbcaąbcaąbcaąbcaąbcaąbcaąbcaąbcaąbcaąbcaąbcaąbcaąbcaąbcaąbcaąbcaąbcaąbcaąbcaąbcaąbcaąbcaąbcaąbcaąbcaąbcaąbcaąbcaąbcaąbcaąbcaąbcaąbcaąbcaąbcaąbcaąbcaąbcaąbcaąbcaąbcaąbcaąbcaąbcaąbcaąbcaąbcaąbcaąbcaąbcaąbcaąbcaąbcaąbcaąbcaąbcaąbcaąbcaąbcaąbcaąbcaąbcaąbcaąbcaąbcaąbcaąbcaąbcaąbcaąbcaąbcaąbcaąbcaąbcaąbcaąbcaąbcaąbcaąbcaąbcaąbcaąbcaąbcaąbcaąbcaąbcaąbcaąbcaąbcaąbcaąbcaąbcaąbcaąbcaąbcaąbcaąbcaąbcaąbcaąbcaąbcaąbcaąbcaąbcaąbcaąbcaąbcaąbcaąbcaąbcaąbcaąbcaąbcaąbcaąbcaąbcaąbcaąbcaąbcaąbcaąbcaąbcaąbcaąbcaąbcaąbcaąbcaąbcaąbcaąbcaąbcaąbcaąbcaąbcaąbcaąbcaąbcaąbcaąbcaąbcaąbcaąbcaąbcaąbcaąbcaąbcaąbcaąbcaąbcaąbcaąbcaąbcaąbcaąbcaąbcaąbcaąbcaąbcaąbcaąbcaąbcaąbcaąbcaąbcaąbcaąbcaąbcaąbcaąbcaąbcaąbcaąbcaąbcaąbcaąbcaąbcaąbcaąbcaąbcaąbcaąbcaąbcaąbcaąbcaąbcaąbcaąbcaąbcaąbcaąbcaąbcaąbcaąbcaąbcaąbcaąbcaąbcaąbcaąbcaąbcaąbcaąbcaąbcaąbcaąbcaąbcaąbcaąbcaąbcaąbcaąbcaąbcaąbcaąbcaąbcaąbcaąbcaąbcaąbcaąbcaąbcaąbcaąbcaąbcaąbcaąbcaąbcaąbcaąbcaąbcaąbcaąbcaąbcaąbcaąbcaąbcaąbcaąbcaąbcaąbcaąbcaąbcaąbcaąbcaąbcaąbcaąbcaąbcaąbcaąbcaąbcaąbcaąbcaąbcaąbcaąbcaąbcaąbcaąbcaąbcaąbcaąbcaąbcaąbcaąbcaąbcaąbcaąbcaąbcaąbcaąbcaąbcaąbcaąbcaąbcaąbcaąbcaąbcaąbcaąbcaąbcaąbcaąbcaąbcaąbcaąbcaąbcaąbcaąbcaąbcaąbcaąbcaąbcaąbcaąbcaąbcaąbcaąbcaąbcaąbcaąbcaąbcaąbcaąbcaąbcaąbcaąbcaąbcaąbcaąbcaąbcaąbcaąbcaąbcaąbcaąbcaąbcaąbcaąbcaąbcaąbcaąbcaąbcaąbcaąbcaąbcaąbcaąbcaąbcaąbcaąbcaąbcaąbcaąbcaąbcaąbcaąbcaąbcaąbcaąbcaąbcaąbcaąbcaąbcaąbcaąbcaąbcaąbcaąbcaąbcaąbcaąbcaąbcaąbcaąbcaąbcaąbcaąbcaąbcaąbcaąbcaąbcaąbcaąbcaąbcaąbcaąbcaąbcaąbcaąbcaąbcaąbcaąbcaąbcaąbcaąbcaąbcaąbcaąbcaąbcaąbcaąbcaąbcaąbcaąbcaąbcaąbcaąbcaąbcaąbcaąbcaąbcaąbcaąbcaąbcaąbcaąbcaąbcaąbcaąbcaąbcaąbcaąbcaąbcaąbcaąbcaąbcaąbcaąbcaąbcaąbcaąbcaąbcaąbcaąbcaąbcaąbcaą3\naąbcaąbcaąbcaąbcaąbcaąbcaąbcaąbcaąbcaąbcaąbcaąbcaąbcaąbcaąbcaąbcaąbcaąbcaąbcaąbcaąbcaąbcaąbcaąbcaąbcaąbcaąbcaąbcaąbcaąbcaąbcaąbcaąbcaąbcaąbcaąbcaąbcaąbcaąbcaąbcaąbcaąbcaąbcaąbcaąbcaąbcaąbcaąbcaąbcaąbcaąbcaąbcaąbcaąbcaąbcaąbcaąbcaąbcaąbcaąbcaąbcaąbcaąbcaąbcaąbcaąbcaąbcaąbcaąbcaąbcaąbcaąbcaąbcaąbcaąbcaąbcaąbcaąbcaąbcaąbcaąbcaąbcaąbcaąbcaąbcaąbcaąbcaąbcaąbcaąbcaąbcaąbcaąbcaąbcaąbcaąbcaąbcaąbcaąbcaąbcaąbcaąbcaąbcaąbcaąbcaąbcaąbcaąbcaąbcaąbcaąbcaąbcaąbcaąbcaąbcaąbcaąbcaąbcaąbcaąbcaąbcaąbcaąbcaąbcaąbcaąbcaąbcaąbcaąbcaąbcaąbcaąbcaąbcaąbcaąbcaąbcaąbcaąbcaąbcaąbcaąbcaąbcaąbcaąbcaąbcaąbcaąbcaąbcaąbcaąbcaąbcaąbcaąbcaąbcaąbcaąbcaąbcaąbcaąbcaąbcaąbcaąbcaąbcaąbcaąbcaąbcaąbcaąbcaąbcaąbcaąbcaąbcaąbcaąbcaąbcaąbcaąbcaąbcaąbcaąbcaąbcaąbcaąbcaąbcaąbcaąbcaąbcaąbcaąbcaąbcaąbcaąbcaąbcaąbcaąbcaąbcaąbcaąbcaąbcaąbcaąbcaąbcaąbcaąbcaąbcaąbcaąbcaąbcaąbcaąbcaąbcaąbcaąbcaąbcaąbcaąbcaąbcaąbcaąbcaąbcaąbcaąbcaąbcaąbcaąbcaąbcaąbcaąbcaąbcaąbcaąbcaąbcaąbcaąbcaąbcaąbcaąbcaąbcaąbcaąbcaąbcaąbcaąbcaąbcaąbcaąbcaąbcaąbcaąbcaąbcaąbcaąbcaąbcaąbcaąbcaąbcaąbcaąbcaąbcaąbcaąbcaąbcaąbcaąbcaąbcaąbcaąbcaąbcaąbcaąbcaąbcaąbcaąbcaąbcaąbcaąbcaąbcaąbcaąbcaąbcaąbcaąbcaąbcaąbcaąbcaąbcaąbcaąbcaąbcaąbcaąbcaąbcaąbcaąbcaąbcaąbcaąbcaąbcaąbcaąbcaąbcaąbcaąbcaąbcaąbcaąbcaąbcaąbcaąbcaąbcaąbcaąbcaąbcaąbcaąbcaąbcaąbcaąbcaąbcaąbcaąbcaąbcaąbcaąbcaąbcaąbcaąbcaąbcaąbcaąbcaąbcaąbcaąbcaąbcaąbcaąbcaąbcaąbcaąbcaąbcaąbcaąbcaąbcaąbcaąbcaąbcaąbcaąbcaąbcaąbcaąbcaąbcaąbcaąbcaąbcaąbcaąbcaąbcaąbcaąbcaąbcaąbcaąbcaąbcaąbcaąbcaąbcaąbcaąbcaąbcaąbcaąbcaąbcaąbcaąbcaąbcaąbcaąbcaąbcaąbcaąbcaąbcaąbcaąbcaąbcaąbcaąbcaąbcaąbcaąbcaąbcaąbcaąbcaąbcaąbcaąbcaąbcaąbcaąbcaąbcaąbcaąbcaąbcaąbcaąbcaąbcaąbcaąbcaąbcaąbcaąbcaąbcaąbcaąbcaąbcaąbcaąbcaąbcaąbcaąbcaąbcaąbcaąbcaąbcaąbcaąbcaąbcaąbcaąbcaąbcaąbcaąbcaąbcaąbcaąbcaąbcaąbcaąbcaąbcaąbcaąbcaąbcaąbcaąbcaąbcaąbcaąbcaąbcaąbcaąbcaąbcaąbcaąbcaąbcaąbcaąbcaąbcaąbcaąbcaąbcaąbcaąbcaąbcaąbcaąbcaąbcaąbcaąbcaąbcaąbcaąbcaąbcaąbcaąbcaąbcaąbcaąbcaąbcaąbcaąbcaąbcaąbcaąbcaąbcaąbcaąbcaąbcaąbcaąbcaąbcaąbcaąbcaąbcaąbcaąbcaąbcaąbcaąbcaąbcaąbcaąbcaąbcaąbcaąbcaąbcaąbcaąbcaąbcaąbcaąbcaąbcaą4\naąbcaąbcaąbcaąbcaąbcaąbcaąbcaąbcaąbcaąbcaąbcaąbcaąbcaąbcaąbcaąbcaąbcaąbcaąbcaąbcaąbcaąbcaąbcaąbcaąbcaąbcaąbcaąbcaąbcaąbcaąbcaąbcaąbcaąbcaąbcaąbcaąbcaąbcaąbcaąbcaąbcaąbcaąbcaąbcaąbcaąbcaąbcaąbcaąbcaąbcaąbcaąbcaąbcaąbcaąbcaąbcaąbcaąbcaąbcaąbcaąbcaąbcaąbcaąbcaąbcaąbcaąbcaąbcaąbcaąbcaąbcaąbcaąbcaąbcaąbcaąbcaąbcaąbcaąbcaąbcaąbcaąbcaąbcaąbcaąbcaąbcaąbcaąbcaąbcaąbcaąbcaąbcaąbcaąbcaąbcaąbcaąbcaąbcaąbcaąbcaąbcaąbcaąbcaąbcaąbcaąbcaąbcaąbcaąbcaąbcaąbcaąbcaąbcaąbcaąbcaąbcaąbcaąbcaąbcaąbcaąbcaąbcaąbcaąbcaąbcaąbcaąbcaąbcaąbcaąbcaąbcaąbcaąbcaąbcaąbcaąbcaąbcaąbcaąbcaąbcaąbcaąbcaąbcaąbcaąbcaąbcaąbcaąbcaąbcaąbcaąbcaąbcaąbcaąbcaąbcaąbcaąbcaąbcaąbcaąbcaąbcaąbcaąbcaąbcaąbcaąbcaąbcaąbcaąbcaąbcaąbcaąbcaąbcaąbcaąbcaąbcaąbcaąbcaąbcaąbcaąbcaąbcaąbcaąbcaąbcaąbcaąbcaąbcaąbcaąbcaąbcaąbcaąbcaąbcaąbcaąbcaąbcaąbcaąbcaąbcaąbcaąbcaąbcaąbcaąbcaąbcaąbcaąbcaąbcaąbcaąbcaąbcaąbcaąbcaąbcaąbcaąbcaąbcaąbcaąbcaąbcaąbcaąbcaąbcaąbcaąbcaąbcaąbcaąbcaąbcaąbcaąbcaąbcaąbcaąbcaąbcaąbcaąbcaąbcaąbcaąbcaąbcaąbcaąbcaąbcaąbcaąbcaąbcaąbcaąbcaąbcaąbcaąbcaąbcaąbcaąbcaąbcaąbcaąbcaąbcaąbcaąbcaąbcaąbcaąbcaąbcaąbcaąbcaąbcaąbcaąbcaąbcaąbcaąbcaąbcaąbcaąbcaąbcaąbcaąbcaąbcaąbcaąbcaąbcaąbcaąbcaąbcaąbcaąbcaąbcaąbcaąbcaąbcaąbcaąbcaąbcaąbcaąbcaąbcaąbcaąbcaąbcaąbcaąbcaąbcaąbcaąbcaąbcaąbcaąbcaąbcaąbcaąbcaąbcaąbcaąbcaąbcaąbcaąbcaąbcaąbcaąbcaąbcaąbcaąbcaąbcaąbcaąbcaąbcaąbcaąbcaąbcaąbcaąbcaąbcaąbcaąbcaąbcaąbcaąbcaąbcaąbcaąbcaąbcaąbcaąbcaąbcaąbcaąbcaąbcaąbcaąbcaąbcaąbcaąbcaąbcaąbcaąbcaąbcaąbcaąbcaąbcaąbcaąbcaąbcaąbcaąbcaąbcaąbcaąbcaąbcaąbcaąbcaąbcaąbcaąbcaąbcaąbcaąbcaąbcaąbcaąbcaąbcaąbcaąbcaąbcaąbcaąbcaąbcaąbcaąbcaąbcaąbcaąbcaąbcaąbcaąbcaąbcaąbcaąbcaąbcaąbcaąbcaąbcaąbcaąbcaąbcaąbcaąbcaąbcaąbcaąbcaąbcaąbcaąbcaąbcaąbcaąbcaąbcaąbcaąbcaąbcaąbcaąbcaąbcaąbcaąbcaąbcaąbcaąbcaąbcaąbcaąbcaąbcaąbcaąbcaąbcaąbcaąbcaąbcaąbcaąbcaąbcaąbcaąbcaąbcaąbcaąbcaąbcaąbcaąbcaąbcaąbcaąbcaąbcaąbcaąbcaąbcaąbcaąbcaąbcaąbcaąbcaąbcaąbcaąbcaąbcaąbcaąbcaąbcaąbcaąbcaąbcaąbcaąbcaąbcaąbcaąbcaąbcaąbcaąbcaąbcaąbcaąbcaąbcaąbcaąbcaąbcaąbcaąbcaąbcaąbcaąbcaąbcaąbcaąbcaąbcaąbcaąbcaąbcaąbcaąbcaąbcaąbcaąbcaąbcaąbcaąbcaąbcaąbcaąbcaą5']}, 'types': {'_test_001': ['TEXTFIELD'], '_test_002': ['TEXTFIELD'], '_test_003': ['TEXTFIELD'], '_test_004': ['TEXTFIELD'], '_test_005': ['TEXTFIELD']}, 'inloop': {}, 'loops': [], 'save_blocks': [], 'cifversion': {'major': 2, 'minor': 0}, 'precisions': {}}]
