[{'name': u'precisions', 'tags': [u'_hash_of_text', u'_hash_of_int_no_su', u'_hash_of_int_with_su', u'_hash_of_float_no_su', u'_hash_of_float_with_su', u'_hash_of_mixed_no_su', u'_hash_of_mixed_with_su', u'_array_of_text', u'_array_of_int_no_su', u'_array_of_int_with_su', u'_array_of_float_no_su', u'_array_of_float_with_su', u'_array_of_mixed_no_su', u'_array_of_mixed_with_su'], 'cifversion': {'major': 2L, 'minor': 0L}, 'inloop': {}, 'values': {'_hash_of_int_no_su': [{'v1': '10', 'v2': '20'}], '_array_of_mixed_with_su': [[u'a', '10', u'b', '20', u'c', '30(5)', u'd', '40(8)', u'e', '5']], '_array_of_mixed_no_su': [[u'a', '10', u'b', '20', u'c', '30', u'd', '40', u'e', '50']], '_hash_of_float_no_su': [{'v1': '10.1', 'v2': '20.2'}], '_hash_of_text': [{'v1': u'a', 'v2': u'b'}], '_hash_of_int_with_su': [{'v1': '10(1)', 'v2': '20(1)'}], '_array_of_int_no_su': [['10', '20', '30', '40', '50', '60']], '_array_of_float_with_su': [['10.1(9)', '20.2(8)', '30.3(7)', '40.4(6)', '50.5(5)', '60.6(4)']], '_hash_of_mixed_with_su': [{'v1': u'a', 'v2': '20.2(3)'}], '_hash_of_float_with_su': [{'v1': '10.1(2)', 'v2': '20.2(3)'}], '_array_of_int_with_su': [['10(1)', '20(2)', '30(3)', '40(4)', '50(5)', '60(6)']], '_array_of_float_no_su': [['10.1', '20.2', '30.3', '40.4', '50.5', '60.6', '70.7', '80.8', '90.9']], '_array_of_text': [[u'a', u'b', u'c', u'd', u'e', u'f']], '_hash_of_mixed_no_su': [{'v1': u'a', 'v2': '20.2'}]}, 'precisions': {'_hash_of_int_no_su': [{'v1': None, 'v2': None}], '_array_of_mixed_with_su': [[None, None, None, None, None, '5', None, '8', None, None]], '_hash_of_float_with_su': [{'v1': 0.2, 'v2': 0.3}], '_hash_of_float_no_su': [{'v1': None, 'v2': None}], '_hash_of_int_with_su': [{'v1': '1', 'v2': '1'}], '_array_of_int_no_su': [[None, None, None, None, None, None]], '_array_of_float_with_su': [[0.9, 0.8, 0.7, 0.6, 0.5, 0.4]], '_hash_of_mixed_with_su': [{'v2': 0.3}], '_array_of_mixed_no_su': [[None, None, None, None, None, None, None, None, None, None]], '_array_of_int_with_su': [['1', '2', '3', '4', '5', '6']], '_array_of_float_no_su': [[None, None, None, None, None, None, None, None, None]], '_hash_of_mixed_no_su': [{'v2': None}]}, 'loops': [], 'save_blocks': [], 'types': {'_hash_of_int_no_su': [{'v1': 'INT', 'v2': 'INT'}], '_array_of_mixed_with_su': [['UQSTRING', 'INT', 'UQSTRING', 'INT', 'UQSTRING', 'INT', 'UQSTRING', 'INT', 'UQSTRING', 'INT']], '_array_of_mixed_no_su': [['UQSTRING', 'INT', 'UQSTRING', 'INT', 'UQSTRING', 'INT', 'UQSTRING', 'INT', 'UQSTRING', 'INT']], '_hash_of_float_no_su': [{'v1': 'FLOAT', 'v2': 'FLOAT'}], '_hash_of_text': [{'v1': 'SQSTRING', 'v2': 'SQSTRING'}], '_hash_of_int_with_su': [{'v1': 'INT', 'v2': 'INT'}], '_array_of_int_no_su': [['INT', 'INT', 'INT', 'INT', 'INT', 'INT']], '_array_of_float_with_su': [['FLOAT', 'FLOAT', 'FLOAT', 'FLOAT', 'FLOAT', 'FLOAT']], '_hash_of_mixed_with_su': [{'v1': 'SQSTRING', 'v2': 'FLOAT'}], '_hash_of_float_with_su': [{'v1': 'FLOAT', 'v2': 'FLOAT'}], '_array_of_int_with_su': [['INT', 'INT', 'INT', 'INT', 'INT', 'INT']], '_array_of_float_no_su': [['FLOAT', 'FLOAT', 'FLOAT', 'FLOAT', 'FLOAT', 'FLOAT', 'FLOAT', 'FLOAT', 'FLOAT']], '_array_of_text': [['UQSTRING', 'UQSTRING', 'UQSTRING', 'UQSTRING', 'UQSTRING', 'UQSTRING']], '_hash_of_mixed_no_su': [{'v1': 'SQSTRING', 'v2': 'FLOAT'}]}}]
